[2023-03-08T20:36:24.751+0300][gc] Using G1
[2023-03-08T20:36:24.758+0300][gc,init] Version: 17.0.5+9-LTS-191 (release)
[2023-03-08T20:36:24.758+0300][gc,init] CPUs: 16 total, 16 available
[2023-03-08T20:36:24.758+0300][gc,init] Memory: 16125M
[2023-03-08T20:36:24.758+0300][gc,init] Large Page Support: Disabled
[2023-03-08T20:36:24.758+0300][gc,init] NUMA Support: Disabled
[2023-03-08T20:36:24.758+0300][gc,init] Compressed Oops: Enabled (32-bit)
[2023-03-08T20:36:24.758+0300][gc,init] Heap Region Size: 1M
[2023-03-08T20:36:24.758+0300][gc,init] Heap Min Capacity: 1G
[2023-03-08T20:36:24.758+0300][gc,init] Heap Initial Capacity: 1G
[2023-03-08T20:36:24.758+0300][gc,init] Heap Max Capacity: 1G
[2023-03-08T20:36:24.758+0300][gc,init] Pre-touch: Disabled
[2023-03-08T20:36:24.758+0300][gc,init] Parallel Workers: 13
[2023-03-08T20:36:24.758+0300][gc,init] Concurrent Workers: 3
[2023-03-08T20:36:24.758+0300][gc,init] Concurrent Refinement Workers: 13
[2023-03-08T20:36:24.758+0300][gc,init] Periodic GC: Disabled
[2023-03-08T20:36:24.758+0300][gc,metaspace] CDS archive(s) mapped at: [0x0000000800000000-0x0000000800bd0000-0x0000000800bd0000), size 12386304, SharedBaseAddress: 0x0000000800000000, ArchiveRelocationMode: 0.
[2023-03-08T20:36:24.758+0300][gc,metaspace] Compressed class space mapped at: 0x0000000800c00000-0x0000000840c00000, reserved size: 1073741824
[2023-03-08T20:36:24.758+0300][gc,metaspace] Narrow klass base: 0x0000000800000000, Narrow klass shift: 0, Narrow klass range: 0x100000000
[2023-03-08T20:36:24.953+0300][gc,heap,exit] Heap
[2023-03-08T20:36:24.953+0300][gc,heap,exit]  garbage-first heap   total 1048576K, used 7170K [0x00000000c0000000, 0x0000000100000000)
[2023-03-08T20:36:24.953+0300][gc,heap,exit]   region size 1024K, 8 young (8192K), 0 survivors (0K)
[2023-03-08T20:36:24.953+0300][gc,heap,exit]  Metaspace       used 4741K, committed 4928K, reserved 1056768K
[2023-03-08T20:36:24.953+0300][gc,heap,exit]   class space    used 525K, committed 640K, reserved 1048576K
